// Jest Snapshot v1, https://goo.gl/fbAQLP

exports[`PokemonPicture Component Deber√≠a corresponder con el snapshot 1`] = `<figure class="pokemon-picture-container"><img src="https://raw.githubusercontent.com/PokeAPI/sprites/master/sprites/pokemon/other/dream-world/1.svg" alt="pokemon image" class="hidden-pokemon fade-in" id="hidden-pokemon"><img src="https://raw.githubusercontent.com/PokeAPI/sprites/master/sprites/pokemon/other/dream-world/1.svg" alt="pokemon image" class="fade-in"></figure>`;
